// Jest Snapshot v1, https://goo.gl/fbAQLP

exports[`Recipe-List tests Recipe-List snapshot test 1`] = `
<div>
  <h2>
    USERS:
  </h2>
  <table
    className="table"
  >
    <thead
      className="thead-light"
    >
      <tr>
        <th>
          User:
        </th>
      </tr>
    </thead>
    <tbody />
  </table>
</div>
`;
